# Smoke Test Failure — attempt 4 — 2026-07-08T18:20:55.782676754
Failed gate: boot

== Gate report ==
FAIL boot — app not healthy within 120s — last: ConnectException

== Container logs (tail 2000 lines) ==
db-1  | The files belonging to this database system will be owned by user "postgres".
db-1  | This user must also own the server process.
db-1  | 
db-1  | The database cluster will be initialized with locale "en_US.utf8".
db-1  | The default database encoding has accordingly been set to "UTF8".
db-1  | The default text search configuration will be set to "english".
db-1  | 
db-1  | Data page checksums are disabled.
db-1  | 
db-1  | fixing permissions on existing directory /var/lib/postgresql/data ... ok
db-1  | creating subdirectories ... ok
db-1  | selecting dynamic shared memory implementation ... posix
db-1  | selecting default max_connections ... 100
db-1  | selecting default shared_buffers ... 128MB
db-1  | selecting default time zone ... UTC
db-1  | creating configuration files ... ok
db-1  | running bootstrap script ... ok
db-1  | sh: locale: not found
db-1  | 2026-07-08 18:18:44.808 UTC [35] WARNING:  no usable system locales were found
db-1  | performing post-bootstrap initialization ... ok
db-1  | initdb: warning: enabling "trust" authentication for local connections
db-1  | initdb: hint: You can change this by editing pg_hba.conf or using the option -A, or --auth-local and --auth-host, the next time you run initdb.
db-1  | syncing data to disk ... ok
db-1  | 
db-1  | 
db-1  | Success. You can now start the database server using:
db-1  | 
db-1  |     pg_ctl -D /var/lib/postgresql/data -l logfile start
db-1  | 
db-1  | waiting for server to start....2026-07-08 18:18:45.052 UTC [41] LOG:  starting PostgreSQL 16.14 on aarch64-unknown-linux-musl, compiled by gcc (Alpine 15.2.0) 15.2.0, 64-bit
db-1  | 2026-07-08 18:18:45.053 UTC [41] LOG:  listening on Unix socket "/var/run/postgresql/.s.PGSQL.5432"
db-1  | 2026-07-08 18:18:45.054 UTC [44] LOG:  database system was shut down at 2026-07-08 18:18:44 UTC
db-1  | 2026-07-08 18:18:45.056 UTC [41] LOG:  database system is ready to accept connections
db-1  |  done
db-1  | server started
db-1  | CREATE DATABASE
db-1  | 
db-1  | 
db-1  | /usr/local/bin/docker-entrypoint.sh: ignoring /docker-entrypoint-initdb.d/*
db-1  | 
db-1  | waiting for server to shut down....2026-07-08 18:18:45.181 UTC [41] LOG:  received fast shutdown request
db-1  | 2026-07-08 18:18:45.182 UTC [41] LOG:  aborting any active transactions
db-1  | 2026-07-08 18:18:45.183 UTC [41] LOG:  background worker "logical replication launcher" (PID 47) exited with exit code 1
db-1  | 2026-07-08 18:18:45.183 UTC [42] LOG:  shutting down
db-1  | 2026-07-08 18:18:45.184 UTC [42] LOG:  checkpoint starting: shutdown immediate
db-1  | 2026-07-08 18:18:45.202 UTC [42] LOG:  checkpoint complete: wrote 926 buffers (5.7%); 0 WAL file(s) added, 0 removed, 0 recycled; write=0.006 s, sync=0.012 s, total=0.019 s; sync files=301, longest=0.005 s, average=0.001 s; distance=4283 kB, estimate=4283 kB; lsn=0/1925D30, redo lsn=0/1925D30
db-1  | 2026-07-08 18:18:45.204 UTC [41] LOG:  database system is shut down
db-1  |  done
db-1  | server stopped
db-1  | 
db-1  | PostgreSQL init process complete; ready for start up.
db-1  | 
db-1  | 2026-07-08 18:18:45.297 UTC [1] LOG:  starting PostgreSQL 16.14 on aarch64-unknown-linux-musl, compiled by gcc (Alpine 15.2.0) 15.2.0, 64-bit
db-1  | 2026-07-08 18:18:45.297 UTC [1] LOG:  listening on IPv4 address "0.0.0.0", port 5432
db-1  | 2026-07-08 18:18:45.297 UTC [1] LOG:  listening on IPv6 address "::", port 5432
db-1  | 2026-07-08 18:18:45.298 UTC [1] LOG:  listening on Unix socket "/var/run/postgresql/.s.PGSQL.5432"
db-1  | 2026-07-08 18:18:45.299 UTC [57] LOG:  database system was shut down at 2026-07-08 18:18:45 UTC
db-1  | 2026-07-08 18:18:45.301 UTC [1] LOG:  database system is ready to accept connections
app-1  | 
app-1  |   .   ____          _            __ _ _
app-1  |  /\\ / ___'_ __ _ _(_)_ __  __ _ \ \ \ \
app-1  | ( ( )\___ | '_ | '_| | '_ \/ _` | \ \ \ \
app-1  |  \\/  ___)| |_)| | | | | || (_| |  ) ) ) )
app-1  |   '  |____| .__|_| |_|_| |_\__, | / / / /
app-1  |  =========|_|==============|___/=/_/_/_/
app-1  | 
app-1  |  :: Spring Boot ::                (v4.1.0)
app-1  | 
app-1  | 2026-07-08T18:18:55.610Z  INFO 1 --- [yetithehimalayankitchenbaner] [           main] ehimalayankitchenbanerbackendApplication : Starting YetithehimalayankitchenbanerbackendApplication v0.0.1-SNAPSHOT using Java 17.0.19 with PID 1 (/app/app.jar started by app in /app)
app-1  | 2026-07-08T18:18:55.612Z  INFO 1 --- [yetithehimalayankitchenbaner] [           main] ehimalayankitchenbanerbackendApplication : No active profile set, falling back to 1 default profile: "default"
app-1  | 2026-07-08T18:18:56.031Z  INFO 1 --- [yetithehimalayankitchenbaner] [           main] .s.d.r.c.RepositoryConfigurationDelegate : Bootstrapping Spring Data JPA repositories in DEFAULT mode.
app-1  | 2026-07-08T18:18:56.055Z  INFO 1 --- [yetithehimalayankitchenbaner] [           main] .s.d.r.c.RepositoryConfigurationDelegate : Finished Spring Data repository scanning in 20 ms. Found 8 JPA repository interfaces.
app-1  | 2026-07-08T18:18:56.336Z  INFO 1 --- [yetithehimalayankitchenbaner] [           main] o.s.boot.tomcat.TomcatWebServer          : Tomcat initialized with port 8080 (http)
app-1  | 2026-07-08T18:18:56.342Z  INFO 1 --- [yetithehimalayankitchenbaner] [           main] o.apache.catalina.core.StandardService   : Starting service [Tomcat]
app-1  | 2026-07-08T18:18:56.342Z  INFO 1 --- [yetithehimalayankitchenbaner] [           main] o.apache.catalina.core.StandardEngine    : Starting Servlet engine: [Apache Tomcat/11.0.22]
app-1  | 2026-07-08T18:18:56.355Z  INFO 1 --- [yetithehimalayankitchenbaner] [           main] b.w.c.s.WebApplicationContextInitializer : Root WebApplicationContext: initialization completed in 720 ms
app-1  | 2026-07-08T18:18:56.494Z  INFO 1 --- [yetithehimalayankitchenbaner] [           main] org.hibernate.orm.jpa                    : HHH008540: Processing PersistenceUnitInfo [name: default]
app-1  | 2026-07-08T18:18:56.516Z  INFO 1 --- [yetithehimalayankitchenbaner] [           main] org.hibernate.orm.core                   : HHH000001: Hibernate ORM core version 7.4.1.Final
app-1  | 2026-07-08T18:18:56.722Z  INFO 1 --- [yetithehimalayankitchenbaner] [           main] o.s.o.j.p.SpringPersistenceUnitInfo      : No LoadTimeWeaver setup: ignoring JPA class transformer
app-1  | 2026-07-08T18:18:56.737Z  INFO 1 --- [yetithehimalayankitchenbaner] [           main] com.zaxxer.hikari.HikariDataSource       : HikariPool-1 - Starting...
app-1  | 2026-07-08T18:18:56.835Z  INFO 1 --- [yetithehimalayankitchenbaner] [           main] com.zaxxer.hikari.pool.HikariPool        : HikariPool-1 - Added connection org.postgresql.jdbc.PgConnection@12c78f36
app-1  | 2026-07-08T18:18:56.836Z  INFO 1 --- [yetithehimalayankitchenbaner] [           main] com.zaxxer.hikari.HikariDataSource       : HikariPool-1 - Start completed.
app-1  | 2026-07-08T18:18:56.852Z  WARN 1 --- [yetithehimalayankitchenbaner] [           main] org.hibernate.orm.deprecation            : HHH90000025: PostgreSQLDialect does not need to be specified explicitly using 'hibernate.dialect' (remove the property setting and it will be selected by default)
app-1  | 2026-07-08T18:18:56.862Z  INFO 1 --- [yetithehimalayankitchenbaner] [           main] org.hibernate.orm.connections.pooling    : HHH10001005: Database info:
app-1  | 	Database JDBC URL [jdbc:postgresql://db:5432/yetithehimalayankitchenbaner]
app-1  | 	Database driver: PostgreSQL JDBC Driver
app-1  | 	Database dialect: PostgreSQLDialect
app-1  | 	Database version: 16.14
app-1  | 	Default catalog/schema: yetithehimalayankitchenbaner/public
app-1  | 	Autocommit mode: undefined/unknown
app-1  | 	Isolation level: READ_COMMITTED [default READ_COMMITTED]
app-1  | 	JDBC fetch size: none
app-1  | 	Pool: DataSourceConnectionProvider
app-1  | 	Minimum pool size: undefined/unknown
app-1  | 	Maximum pool size: undefined/unknown
app-1  | 2026-07-08T18:18:57.912Z  INFO 1 --- [yetithehimalayankitchenbaner] [           main] org.hibernate.orm.core                   : HHH000489: No JTA platform available (set 'hibernate.transaction.jta.platform' to enable JTA platform integration)
app-1  | 2026-07-08T18:18:57.966Z  WARN 1 --- [yetithehimalayankitchenbaner] [           main] org.hibernate.orm.jdbc.warn              : HHH000247: ErrorCode: 0, SQLState: 00000
app-1  | 2026-07-08T18:18:57.966Z  WARN 1 --- [yetithehimalayankitchenbaner] [           main] org.hibernate.orm.jdbc.warn              : constraint "uk3lmo0ar0qu265y3nwxo4hs67p" of relation "menu_item_categories" does not exist, skipping
app-1  | 2026-07-08T18:18:57.968Z  WARN 1 --- [yetithehimalayankitchenbaner] [           main] org.hibernate.orm.jdbc.warn              : HHH000247: ErrorCode: 0, SQLState: 00000
app-1  | 2026-07-08T18:18:57.968Z  WARN 1 --- [yetithehimalayankitchenbaner] [           main] org.hibernate.orm.jdbc.warn              : constraint "uk6dotkott2kjsp8vw4d0m25fb7" of relation "users" does not exist, skipping
app-1  | 2026-07-08T18:18:57.971Z  INFO 1 --- [yetithehimalayankitchenbaner] [           main] j.LocalContainerEntityManagerFactoryBean : Initialized JPA EntityManagerFactory for persistence unit 'default'
app-1  | 2026-07-08T18:18:58.019Z  INFO 1 --- [yetithehimalayankitchenbaner] [           main] o.s.d.j.r.query.QueryEnhancerFactories   : Hibernate is in classpath; If applicable, HQL parser will be used.
app-1  | 2026-07-08T18:18:58.096Z  WARN 1 --- [yetithehimalayankitchenbaner] [           main] ConfigServletWebServerApplicationContext : Exception encountered during context initialization - cancelling refresh attempt: org.springframework.beans.factory.UnsatisfiedDependencyException: Error creating bean with name 'adminInitializer' defined in URL [jar:nested:/app/app.jar/!BOOT-INF/classes/!/com/yetithehimalayankitchenbaner/config/AdminInitializer.class]: Unsatisfied dependency expressed through constructor parameter 0: Error creating bean with name 'userService' defined in URL [jar:nested:/app/app.jar/!BOOT-INF/classes/!/com/yetithehimalayankitchenbaner/service/UserService.class]: Unsatisfied dependency expressed through constructor parameter 1: Error creating bean with name 'securityConfig' defined in URL [jar:nested:/app/app.jar/!BOOT-INF/classes/!/com/yetithehimalayankitchenbaner/config/SecurityConfig.class]: Unsatisfied dependency expressed through constructor parameter 1: Error creating bean with name 'userService': Requested bean is currently in creation: Is there an unresolvable circular reference or an asynchronous initialization dependency?
app-1  | 2026-07-08T18:18:58.096Z  INFO 1 --- [yetithehimalayankitchenbaner] [           main] j.LocalContainerEntityManagerFactoryBean : Closing JPA EntityManagerFactory for persistence unit 'default'
app-1  | 2026-07-08T18:18:58.098Z  INFO 1 --- [yetithehimalayankitchenbaner] [           main] com.zaxxer.hikari.HikariDataSource       : HikariPool-1 - Shutdown initiated...
app-1  | 2026-07-08T18:18:58.101Z  INFO 1 --- [yetithehimalayankitchenbaner] [           main] com.zaxxer.hikari.HikariDataSource       : HikariPool-1 - Shutdown completed.
app-1  | 2026-07-08T18:18:58.104Z  INFO 1 --- [yetithehimalayankitchenbaner] [           main] o.apache.catalina.core.StandardService   : Stopping service [Tomcat]
app-1  | 2026-07-08T18:18:58.115Z  INFO 1 --- [yetithehimalayankitchenbaner] [           main] .s.b.a.l.ConditionEvaluationReportLogger : 
app-1  | 
app-1  | Error starting ApplicationContext. To display the condition evaluation report re-run your application with 'debug' enabled.
app-1  | 2026-07-08T18:18:58.124Z ERROR 1 --- [yetithehimalayankitchenbaner] [           main] o.s.b.d.LoggingFailureAnalysisReporter   : 
app-1  | 
app-1  | ***************************
app-1  | APPLICATION FAILED TO START
app-1  | ***************************
app-1  | 
app-1  | Description:
app-1  | 
app-1  | The dependencies of some of the beans in the application context form a cycle:
app-1  | 
app-1  |    adminInitializer defined in URL [jar:nested:/app/app.jar/!BOOT-INF/classes/!/com/yetithehimalayankitchenbaner/config/AdminInitializer.class]
app-1  | ┌─────┐
app-1  | |  userService defined in URL [jar:nested:/app/app.jar/!BOOT-INF/classes/!/com/yetithehimalayankitchenbaner/service/UserService.class]
app-1  | ↑     ↓
app-1  | |  securityConfig defined in URL [jar:nested:/app/app.jar/!BOOT-INF/classes/!/com/yetithehimalayankitchenbaner/config/SecurityConfig.class]
app-1  | └─────┘
app-1  | 
app-1  | 
app-1  | Action:
app-1  | 
app-1  | Relying upon circular references is discouraged and they are prohibited by default. Update your application to remove the dependency cycle between beans. As a last resort, it may be possible to break the cycle automatically by setting spring.main.allow-circular-references to true.
app-1  | 
app-1  | 
app-1  |   .   ____          _            __ _ _
app-1  |  /\\ / ___'_ __ _ _(_)_ __  __ _ \ \ \ \
app-1  | ( ( )\___ | '_ | '_| | '_ \/ _` | \ \ \ \
app-1  |  \\/  ___)| |_)| | | | | || (_| |  ) ) ) )
app-1  |   '  |____| .__|_| |_|_| |_\__, | / / / /
app-1  |  =========|_|==============|___/=/_/_/_/
app-1  | 
app-1  |  :: Spring Boot ::                (v4.1.0)
app-1  | 
app-1  | 2026-07-08T18:18:58.894Z  INFO 1 --- [yetithehimalayankitchenbaner] [           main] ehimalayankitchenbanerbackendApplication : Starting YetithehimalayankitchenbanerbackendApplication v0.0.1-SNAPSHOT using Java 17.0.19 with PID 1 (/app/app.jar started by app in /app)
app-1  | 2026-07-08T18:18:58.896Z  INFO 1 --- [yetithehimalayankitchenbaner] [           main] ehimalayankitchenbanerbackendApplication : No active profile set, falling back to 1 default profile: "default"
app-1  | 2026-07-08T18:18:59.308Z  INFO 1 --- [yetithehimalayankitchenbaner] [           main] .s.d.r.c.RepositoryConfigurationDelegate : Bootstrapping Spring Data JPA repositories in DEFAULT mode.
app-1  | 2026-07-08T18:18:59.331Z  INFO 1 --- [yetithehimalayankitchenbaner] [           main] .s.d.r.c.RepositoryConfigurationDelegate : Finished Spring Data repository scanning in 19 ms. Found 8 JPA repository interfaces.
app-1  | 2026-07-08T18:18:59.617Z  INFO 1 --- [yetithehimalayankitchenbaner] [           main] o.s.boot.tomcat.TomcatWebServer          : Tomcat initialized with port 8080 (http)
app-1  | 2026-07-08T18:18:59.623Z  INFO 1 --- [yetithehimalayankitchenbaner] [           main] o.apache.catalina.core.StandardService   : Starting service [Tomcat]
app-1  | 2026-07-08T18:18:59.623Z  INFO 1 --- [yetithehimalayankitchenbaner] [           main] o.apache.catalina.core.StandardEngine    : Starting Servlet engine: [Apache Tomcat/11.0.22]
app-1  | 2026-07-08T18:18:59.646Z  INFO 1 --- [yetithehimalayankitchenbaner] [           main] b.w.c.s.WebApplicationContextInitializer : Root WebApplicationContext: initialization completed in 730 ms
app-1  | 2026-07-08T18:18:59.789Z  INFO 1 --- [yetithehimalayankitchenbaner] [           main] org.hibernate.orm.jpa                    : HHH008540: Processing PersistenceUnitInfo [name: default]
app-1  | 2026-07-08T18:18:59.811Z  INFO 1 --- [yetithehimalayankitchenbaner] [           main] org.hibernate.orm.core                   : HHH000001: Hibernate ORM core version 7.4.1.Final
app-1  | 2026-07-08T18:19:00.005Z  INFO 1 --- [yetithehimalayankitchenbaner] [           main] o.s.o.j.p.SpringPersistenceUnitInfo      : No LoadTimeWeaver setup: ignoring JPA class transformer
app-1  | 2026-07-08T18:19:00.027Z  INFO 1 --- [yetithehimalayankitchenbaner] [           main] com.zaxxer.hikari.HikariDataSource       : HikariPool-1 - Starting...
app-1  | 2026-07-08T18:19:00.122Z  INFO 1 --- [yetithehimalayankitchenbaner] [           main] com.zaxxer.hikari.pool.HikariPool        : HikariPool-1 - Added connection org.postgresql.jdbc.PgConnection@18be3205
app-1  | 2026-07-08T18:19:00.123Z  INFO 1 --- [yetithehimalayankitchenbaner] [           main] com.zaxxer.hikari.HikariDataSource       : HikariPool-1 - Start completed.
app-1  | 2026-07-08T18:19:00.137Z  WARN 1 --- [yetithehimalayankitchenbaner] [           main] org.hibernate.orm.deprecation            : HHH90000025: PostgreSQLDialect does not need to be specified explicitly using 'hibernate.dialect' (remove the property setting and it will be selected by default)
app-1  | 2026-07-08T18:19:00.146Z  INFO 1 --- [yetithehimalayankitchenbaner] [           main] org.hibernate.orm.connections.pooling    : HHH10001005: Database info:
app-1  | 	Database JDBC URL [jdbc:postgresql://db:5432/yetithehimalayankitchenbaner]
app-1  | 	Database driver: PostgreSQL JDBC Driver
app-1  | 	Database dialect: PostgreSQLDialect
app-1  | 	Database version: 16.14
app-1  | 	Default catalog/schema: yetithehimalayankitchenbaner/public
app-1  | 	Autocommit mode: undefined/unknown
app-1  | 	Isolation level: READ_COMMITTED [default READ_COMMITTED]
app-1  | 	JDBC fetch size: none
app-1  | 	Pool: DataSourceConnectionProvider
app-1  | 	Minimum pool size: undefined/unknown
app-1  | 	Maximum pool size: undefined/unknown
app-1  | 2026-07-08T18:19:00.658Z  INFO 1 --- [yetithehimalayankitchenbaner] [           main] org.hibernate.orm.core                   : HHH000489: No JTA platform available (set 'hibernate.transaction.jta.platform' to enable JTA platform integration)
app-1  | 2026-07-08T18:19:00.698Z  INFO 1 --- [yetithehimalayankitchenbaner] [           main] j.LocalContainerEntityManagerFactoryBean : Initialized JPA EntityManagerFactory for persistence unit 'default'
app-1  | 2026-07-08T18:19:00.732Z  INFO 1 --- [yetithehimalayankitchenbaner] [           main] o.s.d.j.r.query.QueryEnhancerFactories   : Hibernate is in classpath; If applicable, HQL parser will be used.
app-1  | 2026-07-08T18:19:00.801Z  WARN 1 --- [yetithehimalayankitchenbaner] [           main] ConfigServletWebServerApplicationContext : Exception encountered during context initialization - cancelling refresh attempt: org.springframework.beans.factory.UnsatisfiedDependencyException: Error creating bean with name 'adminInitializer' defined in URL [jar:nested:/app/app.jar/!BOOT-INF/classes/!/com/yetithehimalayankitchenbaner/config/AdminInitializer.class]: Unsatisfied dependency expressed through constructor parameter 0: Error creating bean with name 'userService' defined in URL [jar:nested:/app/app.jar/!BOOT-INF/classes/!/com/yetithehimalayankitchenbaner/service/UserService.class]: Unsatisfied dependency expressed through constructor parameter 1: Error creating bean with name 'securityConfig' defined in URL [jar:nested:/app/app.jar/!BOOT-INF/classes/!/com/yetithehimalayankitchenbaner/config/SecurityConfig.class]: Unsatisfied dependency expressed through constructor parameter 1: Error creating bean with name 'userService': Requested bean is currently in creation: Is there an unresolvable circular reference or an asynchronous initialization dependency?
app-1  | 2026-07-08T18:19:00.801Z  INFO 1 --- [yetithehimalayankitchenbaner] [           main] j.LocalContainerEntityManagerFactoryBean : Closing JPA EntityManagerFactory for persistence unit 'default'
app-1  | 2026-07-08T18:19:00.803Z  INFO 1 --- [yetithehimalayankitchenbaner] [           main] com.zaxxer.hikari.HikariDataSource       : HikariPool-1 - Shutdown initiated...
app-1  | 2026-07-08T18:19:00.805Z  INFO 1 --- [yetithehimalayankitchenbaner] [           main] com.zaxxer.hikari.HikariDataSource       : HikariPool-1 - Shutdown completed.
app-1  | 2026-07-08T18:19:00.807Z  INFO 1 --- [yetithehimalayankitchenbaner] [           main] o.apache.catalina.core.StandardService   : Stopping service [Tomcat]
app-1  | 2026-07-08T18:19:00.814Z  INFO 1 --- [yetithehimalayankitchenbaner] [           main] .s.b.a.l.ConditionEvaluationReportLogger : 
app-1  | 
app-1  | Error starting ApplicationContext. To display the condition evaluation report re-run your application with 'debug' enabled.
app-1  | 2026-07-08T18:19:00.820Z ERROR 1 --- [yetithehimalayankitchenbaner] [           main] o.s.b.d.LoggingFailureAnalysisReporter   : 
app-1  | 
app-1  | ***************************
app-1  | APPLICATION FAILED TO START
app-1  | ***************************
app-1  | 
app-1  | Description:
app-1  | 
app-1  | The dependencies of some of the beans in the application context form a cycle:
app-1  | 
app-1  |    adminInitializer defined in URL [jar:nested:/app/app.jar/!BOOT-INF/classes/!/com/yetithehimalayankitchenbaner/config/AdminInitializer.class]
app-1  | ┌─────┐
app-1  | |  userService defined in URL [jar:nested:/app/app.jar/!BOOT-INF/classes/!/com/yetithehimalayankitchenbaner/service/UserService.class]
app-1  | ↑     ↓
app-1  | |  securityConfig defined in URL [jar:nested:/app/app.jar/!BOOT-INF/classes/!/com/yetithehimalayankitchenbaner/config/SecurityConfig.class]
app-1  | └─────┘
app-1  | 
app-1  | 
app-1  | Action:
app-1  | 
app-1  | Relying upon circular references is discouraged and they are prohibited by default. Update your application to remove the dependency cycle between beans. As a last resort, it may be possible to break the cycle automatically by setting spring.main.allow-circular-references to true.
app-1  | 
app-1  | 
app-1  |   .   ____          _            __ _ _
app-1  |  /\\ / ___'_ __ _ _(_)_ __  __ _ \ \ \ \
app-1  | ( ( )\___ | '_ | '_| | '_ \/ _` | \ \ \ \
app-1  |  \\/  ___)| |_)| | | | | || (_| |  ) ) ) )
app-1  |   '  |____| .__|_| |_|_| |_\__, | / / / /
app-1  |  =========|_|==============|___/=/_/_/_/
app-1  | 
app-1  |  :: Spring Boot ::                (v4.1.0)
app-1  | 
app-1  | 2026-07-08T18:19:01.509Z  INFO 1 --- [yetithehimalayankitchenbaner] [           main] ehimalayankitchenbanerbackendApplication : Starting YetithehimalayankitchenbanerbackendApplication v0.0.1-SNAPSHOT using Java 17.0.19 with PID 1 (/app/app.jar started by app in /app)
app-1  | 2026-07-08T18:19:01.510Z  INFO 1 --- [yetithehimalayankitchenbaner] [           main] ehimalayankitchenbanerbackendApplication : No active profile set, falling back to 1 default profile: "default"
app-1  | 2026-07-08T18:19:01.893Z  INFO 1 --- [yetithehimalayankitchenbaner] [           main] .s.d.r.c.RepositoryConfigurationDelegate : Bootstrapping Spring Data JPA repositories in DEFAULT mode.
app-1  | 2026-07-08T18:19:01.916Z  INFO 1 --- [yetithehimalayankitchenbaner] [           main] .s.d.r.c.RepositoryConfigurationDelegate : Finished Spring Data repository scanning in 19 ms. Found 8 JPA repository interfaces.
app-1  | 2026-07-08T18:19:02.183Z  INFO 1 --- [yetithehimalayankitchenbaner] [           main] o.s.boot.tomcat.TomcatWebServer          : Tomcat initialized with port 8080 (http)
app-1  | 2026-07-08T18:19:02.189Z  INFO 1 --- [yetithehimalayankitchenbaner] [           main] o.apache.catalina.core.StandardService   : Starting service [Tomcat]
app-1  | 2026-07-08T18:19:02.189Z  INFO 1 --- [yetithehimalayankitchenbaner] [           main] o.apache.catalina.core.StandardEngine    : Starting Servlet engine: [Apache Tomcat/11.0.22]
app-1  | 2026-07-08T18:19:02.200Z  INFO 1 --- [yetithehimalayankitchenbaner] [           main] b.w.c.s.WebApplicationContextInitializer : Root WebApplicationContext: initialization completed in 673 ms
app-1  | 2026-07-08T18:19:02.326Z  INFO 1 --- [yetithehimalayankitchenbaner] [           main] org.hibernate.orm.jpa                    : HHH008540: Processing PersistenceUnitInfo [name: default]
app-1  | 2026-07-08T18:19:02.346Z  INFO 1 --- [yetithehimalayankitchenbaner] [           main] org.hibernate.orm.core                   : HHH000001: Hibernate ORM core version 7.4.1.Final
app-1  | 2026-07-08T18:19:02.517Z  INFO 1 --- [yetithehimalayankitchenbaner] [           main] o.s.o.j.p.SpringPersistenceUnitInfo      : No LoadTimeWeaver setup: ignoring JPA class transformer
app-1  | 2026-07-08T18:19:02.529Z  INFO 1 --- [yetithehimalayankitchenbaner] [           main] com.zaxxer.hikari.HikariDataSource       : HikariPool-1 - Starting...
app-1  | 2026-07-08T18:19:02.614Z  INFO 1 --- [yetithehimalayankitchenbaner] [           main] com.zaxxer.hikari.pool.HikariPool        : HikariPool-1 - Added connection org.postgresql.jdbc.PgConnection@3bb4c2b2
app-1  | 2026-07-08T18:19:02.614Z  INFO 1 --- [yetithehimalayankitchenbaner] [           main] com.zaxxer.hikari.HikariDataSource       : HikariPool-1 - Start completed.
app-1  | 2026-07-08T18:19:02.627Z  WARN 1 --- [yetithehimalayankitchenbaner] [           main] org.hibernate.orm.deprecation            : HHH90000025: PostgreSQLDialect does not need to be specified explicitly using 'hibernate.dialect' (remove the property setting and it will be selected by default)
app-1  | 2026-07-08T18:19:02.636Z  INFO 1 --- [yetithehimalayankitchenbaner] [           main] org.hibernate.orm.connections.pooling    : HHH10001005: Database info:
app-1  | 	Database JDBC URL [jdbc:postgresql://db:5432/yetithehimalayankitchenbaner]
app-1  | 	Database driver: PostgreSQL JDBC Driver
app-1  | 	Database dialect: PostgreSQLDialect
app-1  | 	Database version: 16.14
app-1  | 	Default catalog/schema: yetithehimalayankitchenbaner/public
app-1  | 	Autocommit mode: undefined/unknown
app-1  | 	Isolation level: READ_COMMITTED [default READ_COMMITTED]
app-1  | 	JDBC fetch size: none
app-1  | 	Pool: DataSourceConnectionProvider
app-1  | 	Minimum pool size: undefined/unknown
app-1  | 	Maximum pool size: undefined/unknown
app-1  | 2026-07-08T18:19:03.130Z  INFO 1 --- [yetithehimalayankitchenbaner] [           main] org.hibernate.orm.core                   : HHH000489: No JTA platform available (set 'hibernate.transaction.jta.platform' to enable JTA platform integration)
app-1  | 2026-07-08T18:19:03.163Z  INFO 1 --- [yetithehimalayankitchenbaner] [           main] j.LocalContainerEntityManagerFactoryBean : Initialized JPA EntityManagerFactory for persistence unit 'default'
app-1  | 2026-07-08T18:19:03.197Z  INFO 1 --- [yetithehimalayankitchenbaner] [           main] o.s.d.j.r.query.QueryEnhancerFactories   : Hibernate is in classpath; If applicable, HQL parser will be used.
app-1  | 2026-07-08T18:19:03.262Z  WARN 1 --- [yetithehimalayankitchenbaner] [           main] ConfigServletWebServerApplicationContext : Exception encountered during context initialization - cancelling refresh attempt: org.springframework.beans.factory.UnsatisfiedDependencyException: Error creating bean with name 'adminInitializer' defined in URL [jar:nested:/app/app.jar/!BOOT-INF/classes/!/com/yetithehimalayankitchenbaner/config/AdminInitializer.class]: Unsatisfied dependency expressed through constructor parameter 0: Error creating bean with name 'userService' defined in URL [jar:nested:/app/app.jar/!BOOT-INF/classes/!/com/yetithehimalayankitchenbaner/service/UserService.class]: Unsatisfied dependency expressed through constructor parameter 1: Error creating bean with name 'securityConfig' defined in URL [jar:nested:/app/app.jar/!BOOT-INF/classes/!/com/yetithehimalayankitchenbaner/config/SecurityConfig.class]: Unsatisfied dependency expressed through constructor parameter 1: Error creating bean with name 'userService': Requested bean is currently in creation: Is there an unresolvable circular reference or an asynchronous initialization dependency?
app-1  | 2026-07-08T18:19:03.263Z  INFO 1 --- [yetithehimalayankitchenbaner] [           main] j.LocalContainerEntityManagerFactoryBean : Closing JPA EntityManagerFactory for persistence unit 'default'
app-1  | 2026-07-08T18:19:03.264Z  INFO 1 --- [yetithehimalayankitchenbaner] [           main] com.zaxxer.hikari.HikariDataSource       : HikariPool-1 - Shutdown initiated...
app-1  | 2026-07-08T18:19:03.268Z  INFO 1 --- [yetithehimalayankitchenbaner] [           main] com.zaxxer.hikari.HikariDataSource       : HikariPool-1 - Shutdown completed.
app-1  | 2026-07-08T18:19:03.269Z  INFO 1 --- [yetithehimalayankitchenbaner] [           main] o.apache.catalina.core.StandardService   : Stopping service [Tomcat]
app-1  | 2026-07-08T18:19:03.275Z  INFO 1 --- [yetithehimalayankitchenbaner] [           main] .s.b.a.l.ConditionEvaluationReportLogger : 
app-1  | 
app-1  | Error starting ApplicationContext. To display the condition evaluation report re-run your application with 'debug' enabled.
app-1  | 2026-07-08T18:19:03.281Z ERROR 1 --- [yetithehimalayankitchenbaner] [           main] o.s.b.d.LoggingFailureAnalysisReporter   : 
app-1  | 
app-1  | ***************************
app-1  | APPLICATION FAILED TO START
app-1  | ***************************
app-1  | 
app-1  | Description:
app-1  | 
app-1  | The dependencies of some of the beans in the application context form a cycle:
app-1  | 
app-1  |    adminInitializer defined in URL [jar:nested:/app/app.jar/!BOOT-INF/classes/!/com/yetithehimalayankitchenbaner/config/AdminInitializer.class]
app-1  | ┌─────┐
app-1  | |  userService defined in URL [jar:nested:/app/app.jar/!BOOT-INF/classes/!/com/yetithehimalayankitchenbaner/service/UserService.class]
app-1  | ↑     ↓
app-1  | |  securityConfig defined in URL [jar:nested:/app/app.jar/!BOOT-INF/classes/!/com/yetithehimalayankitchenbaner/config/SecurityConfig.class]
app-1  | └─────┘
app-1  | 
app-1  | 
app-1  | Action:
app-1  | 
app-1  | Relying upon circular references is discouraged and they are prohibited by default. Update your application to remove the dependency cycle between beans. As a last resort, it may be possible to break the cycle automatically by setting spring.main.allow-circular-references to true.
app-1  | 
app-1  | 
app-1  |   .   ____          _            __ _ _
app-1  |  /\\ / ___'_ __ _ _(_)_ __  __ _ \ \ \ \
app-1  | ( ( )\___ | '_ | '_| | '_ \/ _` | \ \ \ \
app-1  |  \\/  ___)| |_)| | | | | || (_| |  ) ) ) )
app-1  |   '  |____| .__|_| |_|_| |_\__, | / / / /
app-1  |  =========|_|==============|___/=/_/_/_/
app-1  | 
app-1  |  :: Spring Boot ::                (v4.1.0)
app-1  | 
app-1  | 2026-07-08T18:19:04.162Z  INFO 1 --- [yetithehimalayankitchenbaner] [           main] ehimalayankitchenbanerbackendApplication : Starting YetithehimalayankitchenbanerbackendApplication v0.0.1-SNAPSHOT using Java 17.0.19 with PID 1 (/app/app.jar started by app in /app)
app-1  | 2026-07-08T18:19:04.164Z  INFO 1 --- [yetithehimalayankitchenbaner] [           main] ehimalayankitchenbanerbackendApplication : No active profile set, falling back to 1 default profile: "default"
app-1  | 2026-07-08T18:19:04.553Z  INFO 1 --- [yetithehimalayankitchenbaner] [           main] .s.d.r.c.RepositoryConfigurationDelegate : Bootstrapping Spring Data JPA repositories in DEFAULT mode.
app-1  | 2026-07-08T18:19:04.576Z  INFO 1 --- [yetithehimalayankitchenbaner] [           main] .s.d.r.c.RepositoryConfigurationDelegate : Finished Spring Data repository scanning in 19 ms. Found 8 JPA repository interfaces.
app-1  | 2026-07-08T18:19:04.849Z  INFO 1 --- [yetithehimalayankitchenbaner] [           main] o.s.boot.tomcat.TomcatWebServer          : Tomcat initialized with port 8080 (http)
app-1  | 2026-07-08T18:19:04.855Z  INFO 1 --- [yetithehimalayankitchenbaner] [           main] o.apache.catalina.core.StandardService   : Starting service [Tomcat]
app-1  | 2026-07-08T18:19:04.855Z  INFO 1 --- [yetithehimalayankitchenbaner] [           main] o.apache.catalina.core.StandardEngine    : Starting Servlet engine: [Apache Tomcat/11.0.22]
app-1  | 2026-07-08T18:19:04.867Z  INFO 1 --- [yetithehimalayankitchenbaner] [           main] b.w.c.s.WebApplicationContextInitializer : Root WebApplicationContext: initialization completed in 684 ms
app-1  | 2026-07-08T18:19:04.990Z  INFO 1 --- [yetithehimalayankitchenbaner] [           main] org.hibernate.orm.jpa                    : HHH008540: Processing PersistenceUnitInfo [name: default]
app-1  | 2026-07-08T18:19:05.010Z  INFO 1 --- [yetithehimalayankitchenbaner] [           main] org.hibernate.orm.core                   : HHH000001: Hibernate ORM core version 7.4.1.Final
app-1  | 2026-07-08T18:19:05.178Z  INFO 1 --- [yetithehimalayankitchenbaner] [           main] o.s.o.j.p.SpringPersistenceUnitInfo      : No LoadTimeWeaver setup: ignoring JPA class transformer
app-1  | 2026-07-08T18:19:05.190Z  INFO 1 --- [yetithehimalayankitchenbaner] [           main] com.zaxxer.hikari.HikariDataSource       : HikariPool-1 - Starting...
app-1  | 2026-07-08T18:19:05.271Z  INFO 1 --- [yetithehimalayankitchenbaner] [           main] com.zaxxer.hikari.pool.HikariPool        : HikariPool-1 - Added connection org.postgresql.jdbc.PgConnection@12c78f36
app-1  | 2026-07-08T18:19:05.272Z  INFO 1 --- [yetithehimalayankitchenbaner] [           main] com.zaxxer.hikari.HikariDataSource       : HikariPool-1 - Start completed.
app-1  | 2026-07-08T18:19:05.289Z  WARN 1 --- [yetithehimalayankitchenbaner] [           main] org.hibernate.orm.deprecation            : HHH90000025: PostgreSQLDialect does not need to be specified explicitly using 'hibernate.dialect' (remove the property setting and it will be selected by default)
app-1  | 2026-07-08T18:19:05.297Z  INFO 1 --- [yetithehimalayankitchenbaner] [           main] org.hibernate.orm.connections.pooling    : HHH10001005: Database info:
app-1  | 	Database JDBC URL [jdbc:postgresql://db:5432/yetithehimalayankitchenbaner]
app-1  | 	Database driver: PostgreSQL JDBC Driver
app-1  | 	Database dialect: PostgreSQLDialect
app-1  | 	Database version: 16.14
app-1  | 	Default catalog/schema: yetithehimalayankitchenbaner/public
app-1  | 	Autocommit mode: undefined/unknown
app-1  | 	Isolation level: READ_COMMITTED [default READ_COMMITTED]
app-1  | 	JDBC fetch size: none
app-1  | 	Pool: DataSourceConnectionProvider
app-1  | 	Minimum pool size: undefined/unknown
app-1  | 	Maximum pool size: undefined/unknown
app-1  | 2026-07-08T18:19:05.806Z  INFO 1 --- [yetithehimalayankitchenbaner] [           main] org.hibernate.orm.core                   : HHH000489: No JTA platform available (set 'hibernate.transaction.jta.platform' to enable JTA platform integration)
app-1  | 2026-07-08T18:19:05.836Z  INFO 1 --- [yetithehimalayankitchenbaner] [           main] j.LocalContainerEntityManagerFactoryBean : Initialized JPA EntityManagerFactory for persistence unit 'default'
app-1  | 2026-07-08T18:19:05.866Z  INFO 1 --- [yetithehimalayankitchenbaner] [           main] o.s.d.j.r.query.QueryEnhancerFactories   : Hibernate is in classpath; If applicable, HQL parser will be used.
app-1  | 2026-07-08T18:19:05.934Z  WARN 1 --- [yetithehimalayankitchenbaner] [           main] ConfigServletWebServerApplicationContext : Exception encountered during context initialization - cancelling refresh attempt: org.springframework.beans.factory.UnsatisfiedDependencyException: Error creating bean with name 'adminInitializer' defined in URL [jar:nested:/app/app.jar/!BOOT-INF/classes/!/com/yetithehimalayankitchenbaner/config/AdminInitializer.class]: Unsatisfied dependency expressed through constructor parameter 0: Error creating bean with name 'userService' defined in URL [jar:nested:/app/app.jar/!BOOT-INF/classes/!/com/yetithehimalayankitchenbaner/service/UserService.class]: Unsatisfied dependency expressed through constructor parameter 1: Error creating bean with name 'securityConfig' defined in URL [jar:nested:/app/app.jar/!BOOT-INF/classes/!/com/yetithehimalayankitchenbaner/config/SecurityConfig.class]: Unsatisfied dependency expressed through constructor parameter 1: Error creating bean with name 'userService': Requested bean is currently in creation: Is there an unresolvable circular reference or an asynchronous initialization dependency?
app-1  | 2026-07-08T18:19:05.934Z  INFO 1 --- [yetithehimalayankitchenbaner] [           main] j.LocalContainerEntityManagerFactoryBean : Closing JPA EntityManagerFactory for persistence unit 'default'
app-1  | 2026-07-08T18:19:05.936Z  INFO 1 --- [yetithehimalayankitchenbaner] [           main] com.zaxxer.hikari.HikariDataSource       : HikariPool-1 - Shutdown initiated...
app-1  | 2026-07-08T18:19:05.940Z  INFO 1 --- [yetithehimalayankitchenbaner] [           main] com.zaxxer.hikari.HikariDataSource       : HikariPool-1 - Shutdown completed.
app-1  | 2026-07-08T18:19:05.941Z  INFO 1 --- [yetithehimalayankitchenbaner] [           main] o.apache.catalina.core.StandardService   : Stopping service [Tomcat]
app-1  | 2026-07-08T18:19:05.948Z  INFO 1 --- [yetithehimalayankitchenbaner] [           main] .s.b.a.l.ConditionEvaluationReportLogger : 
app-1  | 
app-1  | Error starting ApplicationContext. To display the condition evaluation report re-run your application with 'debug' enabled.
app-1  | 2026-07-08T18:19:05.954Z ERROR 1 --- [yetithehimalayankitchenbaner] [           main] o.s.b.d.LoggingFailureAnalysisReporter   : 
app-1  | 
app-1  | ***************************
app-1  | APPLICATION FAILED TO START
app-1  | ***************************
app-1  | 
app-1  | Description:
app-1  | 
app-1  | The dependencies of some of the beans in the application context form a cycle:
app-1  | 
app-1  |    adminInitializer defined in URL [jar:nested:/app/app.jar/!BOOT-INF/classes/!/com/yetithehimalayankitchenbaner/config/AdminInitializer.class]
app-1  | ┌─────┐
app-1  | |  userService defined in URL [jar:nested:/app/app.jar/!BOOT-INF/classes/!/com/yetithehimalayankitchenbaner/service/UserService.class]
app-1  | ↑     ↓
app-1  | |  securityConfig defined in URL [jar:nested:/app/app.jar/!BOOT-INF/classes/!/com/yetithehimalayankitchenbaner/config/SecurityConfig.class]
app-1  | └─────┘
app-1  | 
app-1  | 
app-1  | Action:
app-1  | 
app-1  | Relying upon circular references is discouraged and they are prohibited by default. Update your application to remove the dependency cycle between beans. As a last resort, it may be possible to break the cycle automatically by setting spring.main.allow-circular-references to true.
app-1  | 
app-1  | 
app-1  |   .   ____          _            __ _ _
app-1  |  /\\ / ___'_ __ _ _(_)_ __  __ _ \ \ \ \
app-1  | ( ( )\___ | '_ | '_| | '_ \/ _` | \ \ \ \
app-1  |  \\/  ___)| |_)| | | | | || (_| |  ) ) ) )
app-1  |   '  |____| .__|_| |_|_| |_\__, | / / / /
app-1  |  =========|_|==============|___/=/_/_/_/
app-1  | 
app-1  |  :: Spring Boot ::                (v4.1.0)
app-1  | 
app-1  | 2026-07-08T18:19:07.246Z  INFO 1 --- [yetithehimalayankitchenbaner] [           main] ehimalayankitchenbanerbackendApplication : Starting YetithehimalayankitchenbanerbackendApplication v0.0.1-SNAPSHOT using Java 17.0.19 with PID 1 (/app/app.jar started by app in /app)
app-1  | 2026-07-08T18:19:07.247Z  INFO 1 --- [yetithehimalayankitchenbaner] [           main] ehimalayankitchenbanerbackendApplication : No active profile set, falling back to 1 default profile: "default"
app-1  | 2026-07-08T18:19:07.624Z  INFO 1 --- [yetithehimalayankitchenbaner] [           main] .s.d.r.c.RepositoryConfigurationDelegate : Bootstrapping Spring Data JPA repositories in DEFAULT mode.
app-1  | 2026-07-08T18:19:07.651Z  INFO 1 --- [yetithehimalayankitchenbaner] [           main] .s.d.r.c.RepositoryConfigurationDelegate : Finished Spring Data repository scanning in 23 ms. Found 8 JPA repository interfaces.
app-1  | 2026-07-08T18:19:07.926Z  INFO 1 --- [yetithehimalayankitchenbaner] [           main] o.s.boot.tomcat.TomcatWebServer          : Tomcat initialized with port 8080 (http)
app-1  | 2026-07-08T18:19:07.933Z  INFO 1 --- [yetithehimalayankitchenbaner] [           main] o.apache.catalina.core.StandardService   : Starting service [Tomcat]
app-1  | 2026-07-08T18:19:07.933Z  INFO 1 --- [yetithehimalayankitchenbaner] [           main] o.apache.catalina.core.StandardEngine    : Starting Servlet engine: [Apache Tomcat/11.0.22]
app-1  | 2026-07-08T18:19:07.947Z  INFO 1 --- [yetithehimalayankitchenbaner] [           main] b.w.c.s.WebApplicationContextInitializer : Root WebApplicationContext: initialization completed in 682 ms
app-1  | 2026-07-08T18:19:08.087Z  INFO 1 --- [yetithehimalayankitchenbaner] [           main] org.hibernate.orm.jpa                    : HHH008540: Processing PersistenceUnitInfo [name: default]
app-1  | 2026-07-08T18:19:08.107Z  INFO 1 --- [yetithehimalayankitchenbaner] [           main] org.hibernate.orm.core                   : HHH000001: Hibernate ORM core version 7.4.1.Final
app-1  | 2026-07-08T18:19:08.285Z  INFO 1 --- [yetithehimalayankitchenbaner] [           main] o.s.o.j.p.SpringPersistenceUnitInfo      : No LoadTimeWeaver setup: ignoring JPA class transformer
app-1  | 2026-07-08T18:19:08.298Z  INFO 1 --- [yetithehimalayankitchenbaner] [           main] com.zaxxer.hikari.HikariDataSource       : HikariPool-1 - Starting...
app-1  | 2026-07-08T18:19:08.387Z  INFO 1 --- [yetithehimalayankitchenbaner] [           main] com.zaxxer.hikari.pool.HikariPool        : HikariPool-1 - Added connection org.postgresql.jdbc.PgConnection@12c78f36
app-1  | 2026-07-08T18:19:08.388Z  INFO 1 --- [yetithehimalayankitchenbaner] [           main] com.zaxxer.hikari.HikariDataSource       : HikariPool-1 - Start completed.
app-1  | 2026-07-08T18:19:08.401Z  WARN 1 --- [yetithehimalayankitchenbaner] [           main] org.hibernate.orm.deprecation            : HHH90000025: PostgreSQLDialect does not need to be specified explicitly using 'hibernate.dialect' (remove the property setting and it will be selected by default)
app-1  | 2026-07-08T18:19:08.410Z  INFO 1 --- [yetithehimalayankitchenbaner] [           main] org.hibernate.orm.connections.pooling    : HHH10001005: Database info:
app-1  | 	Database JDBC URL [jdbc:postgresql://db:5432/yetithehimalayankitchenbaner]
app-1  | 	Database driver: PostgreSQL JDBC Driver
app-1  | 	Database dialect: PostgreSQLDialect
app-1  | 	Database version: 16.14
app-1  | 	Default catalog/schema: yetithehimalayankitchenbaner/public
app-1  | 	Autocommit mode: undefined/unknown
app-1  | 	Isolation level: READ_COMMITTED [default READ_COMMITTED]
app-1  | 	JDBC fetch size: none
app-1  | 	Pool: DataSourceConnectionProvider
app-1  | 	Minimum pool size: undefined/unknown
app-1  | 	Maximum pool size: undefined/unknown
app-1  | 2026-07-08T18:19:08.922Z  INFO 1 --- [yetithehimalayankitchenbaner] [           main] org.hibernate.orm.core                   : HHH000489: No JTA platform available (set 'hibernate.transaction.jta.platform' to enable JTA platform integration)
app-1  | 2026-07-08T18:19:08.953Z  INFO 1 --- [yetithehimalayankitchenbaner] [           main] j.LocalContainerEntityManagerFactoryBean : Initialized JPA EntityManagerFactory for persistence unit 'default'
app-1  | 2026-07-08T18:19:08.987Z  INFO 1 --- [yetithehimalayankitchenbaner] [           main] o.s.d.j.r.query.QueryEnhancerFactories   : Hibernate is in classpath; If applicable, HQL parser will be used.
app-1  | 2026-07-08T18:19:09.054Z  WARN 1 --- [yetithehimalayankitchenbaner] [           main] ConfigServletWebServerApplicationContext : Exception encountered during context initialization - cancelling refresh attempt: org.springframework.beans.factory.UnsatisfiedDependencyException: Error creating bean with name 'adminInitializer' defined in URL [jar:nested:/app/app.jar/!BOOT-INF/classes/!/com/yetithehimalayankitchenbaner/config/AdminInitializer.class]: Unsatisfied dependency expressed through constructor parameter 0: Error creating bean with name 'userService' defined in URL [jar:nested:/app/app.jar/!BOOT-INF/classes/!/com/yetithehimalayankitchenbaner/service/UserService.class]: Unsatisfied dependency expressed through constructor parameter 1: Error creating bean with name 'securityConfig' defined in URL [jar:nested:/app/app.jar/!BOOT-INF/classes/!/com/yetithehimalayankitchenbaner/config/SecurityConfig.class]: Unsatisfied dependency expressed through constructor parameter 1: Error creating bean with name 'userService': Requested bean is currently in creation: Is there an unresolvable circular reference or an asynchronous initialization dependency?
app-1  | 2026-07-08T18:19:09.054Z  INFO 1 --- [yetithehimalayankitchenbaner] [           main] j.LocalContainerEntityManagerFactoryBean : Closing JPA EntityManagerFactory for persistence unit 'default'
app-1  | 2026-07-08T18:19:09.056Z  INFO 1 --- [yetithehimalayankitchenbaner] [           main] com.zaxxer.hikari.HikariDataSource       : HikariPool-1 - Shutdown initiated...
app-1  | 2026-07-08T18:19:09.059Z  INFO 1 --- [yetithehimalayankitchenbaner] [           main] com.zaxxer.hikari.HikariDataSource       : HikariPool-1 - Shutdown completed.
app-1  | 2026-07-08T18:19:09.061Z  INFO 1 --- [yetithehimalayankitchenbaner] [           main] o.apache.catalina.core.StandardService   : Stopping service [Tomcat]
app-1  | 2026-07-08T18:19:09.067Z  INFO 1 --- [yetithehimalayankitchenbaner] [           main] .s.b.a.l.ConditionEvaluationReportLogger : 
app-1  | 
app-1  | Error starting ApplicationContext. To display the condition evaluation report re-run your application with 'debug' enabled.
app-1  | 2026-07-08T18:19:09.072Z ERROR 1 --- [yetithehimalayankitchenbaner] [           main] o.s.b.d.LoggingFailureAnalysisReporter   : 
app-1  | 
app-1  | ***************************
app-1  | APPLICATION FAILED TO START
app-1  | ***************************
app-1  | 
app-1  | Description:
app-1  | 
app-1  | The dependencies of some of the beans in the application context form a cycle:
app-1  | 
app-1  |    adminInitializer defined in URL [jar:nested:/app/app.jar/!BOOT-INF/classes/!/com/yetithehimalayankitchenbaner/config/AdminInitializer.class]
app-1  | ┌─────┐
app-1  | |  userService defined in URL [jar:nested:/app/app.jar/!BOOT-INF/classes/!/com/yetithehimalayankitchenbaner/service/UserService.class]
app-1  | ↑     ↓
app-1  | |  securityConfig defined in URL [jar:nested:/app/app.jar/!BOOT-INF/classes/!/com/yetithehimalayankitchenbaner/config/SecurityConfig.class]
app-1  | └─────┘
app-1  | 
app-1  | 
app-1  | Action:
app-1  | 
app-1  | Relying upon circular references is discouraged and they are prohibited by default. Update your application to remove the dependency cycle between beans. As a last resort, it may be possible to break the cycle automatically by setting spring.main.allow-circular-references to true.
app-1  | 
app-1  | 
app-1  |   .   ____          _            __ _ _
app-1  |  /\\ / ___'_ __ _ _(_)_ __  __ _ \ \ \ \
app-1  | ( ( )\___ | '_ | '_| | '_ \/ _` | \ \ \ \
app-1  |  \\/  ___)| |_)| | | | | || (_| |  ) ) ) )
app-1  |   '  |____| .__|_| |_|_| |_\__, | / / / /
app-1  |  =========|_|==============|___/=/_/_/_/
app-1  | 
app-1  |  :: Spring Boot ::                (v4.1.0)
app-1  | 
app-1  | 2026-07-08T18:19:11.183Z  INFO 1 --- [yetithehimalayankitchenbaner] [           main] ehimalayankitchenbanerbackendApplication : Starting YetithehimalayankitchenbanerbackendApplication v0.0.1-SNAPSHOT using Java 17.0.19 with PID 1 (/app/app.jar started by app in /app)
app-1  | 2026-07-08T18:19:11.184Z  INFO 1 --- [yetithehimalayankitchenbaner] [           main] ehimalayankitchenbanerbackendApplication : No active profile set, falling back to 1 default profile: "default"
app-1  | 2026-07-08T18:19:11.562Z  INFO 1 --- [yetithehimalayankitchenbaner] [           main] .s.d.r.c.RepositoryConfigurationDelegate : Bootstrapping Spring Data JPA repositories in DEFAULT mode.
app-1  | 2026-07-08T18:19:11.586Z  INFO 1 --- [yetithehimalayankitchenbaner] [           main] .s.d.r.c.RepositoryConfigurationDelegate : Finished Spring Data repository scanning in 20 ms. Found 8 JPA repository interfaces.
app-1  | 2026-07-08T18:19:11.853Z  INFO 1 --- [yetithehimalayankitchenbaner] [           main] o.s.boot.tomcat.TomcatWebServer          : Tomcat initialized with port 8080 (http)
app-1  | 2026-07-08T18:19:11.859Z  INFO 1 --- [yetithehimalayankitchenbaner] [           main] o.apache.catalina.core.StandardService   : Starting service [Tomcat]
app-1  | 2026-07-08T18:19:11.859Z  INFO 1 --- [yetithehimalayankitchenbaner] [           main] o.apache.catalina.core.StandardEngine    : Starting Servlet engine: [Apache Tomcat/11.0.22]
app-1  | 2026-07-08T18:19:11.870Z  INFO 1 --- [yetithehimalayankitchenbaner] [           main] b.w.c.s.WebApplicationContextInitializer : Root WebApplicationContext: initialization completed in 665 ms
app-1  | 2026-07-08T18:19:11.997Z  INFO 1 --- [yetithehimalayankitchenbaner] [           main] org.hibernate.orm.jpa                    : HHH008540: Processing PersistenceUnitInfo [name: default]
app-1  | 2026-07-08T18:19:12.016Z  INFO 1 --- [yetithehimalayankitchenbaner] [           main] org.hibernate.orm.core                   : HHH000001: Hibernate ORM core version 7.4.1.Final
app-1  | 2026-07-08T18:19:12.190Z  INFO 1 --- [yetithehimalayankitchenbaner] [           main] o.s.o.j.p.SpringPersistenceUnitInfo      : No LoadTimeWeaver setup: ignoring JPA class transformer
app-1  | 2026-07-08T18:19:12.201Z  INFO 1 --- [yetithehimalayankitchenbaner] [           main] com.zaxxer.hikari.HikariDataSource       : HikariPool-1 - Starting...
app-1  | 2026-07-08T18:19:12.285Z  INFO 1 --- [yetithehimalayankitchenbaner] [           main] com.zaxxer.hikari.pool.HikariPool        : HikariPool-1 - Added connection org.postgresql.jdbc.PgConnection@6fd97fd1
app-1  | 2026-07-08T18:19:12.286Z  INFO 1 --- [yetithehimalayankitchenbaner] [           main] com.zaxxer.hikari.HikariDataSource       : HikariPool-1 - Start completed.
app-1  | 2026-07-08T18:19:12.297Z  WARN 1 --- [yetithehimalayankitchenbaner] [           main] org.hibernate.orm.deprecation            : HHH90000025: PostgreSQLDialect does not need to be specified explicitly using 'hibernate.dialect' (remove the property setting and it will be selected by default)
app-1  | 2026-07-08T18:19:12.305Z  INFO 1 --- [yetithehimalayankitchenbaner] [           main] org.hibernate.orm.connections.pooling    : HHH10001005: Database info:
app-1  | 	Database JDBC URL [jdbc:postgresql://db:5432/yetithehimalayankitchenbaner]
app-1  | 	Database driver: PostgreSQL JDBC Driver
app-1  | 	Database dialect: PostgreSQLDialect
app-1  | 	Database version: 16.14
app-1  | 	Default catalog/schema: yetithehimalayankitchenbaner/public
app-1  | 	Autocommit mode: undefined/unknown
app-1  | 	Isolation level: READ_COMMITTED [default READ_COMMITTED]
app-1  | 	JDBC fetch size: none
app-1  | 	Pool: DataSourceConnectionProvider
app-1  | 	Minimum pool size: undefined/unknown
app-1  | 	Maximum pool size: undefined/unknown
app-1  | 2026-07-08T18:19:12.772Z  INFO 1 --- [yetithehimalayankitchenbaner] [           main] org.hibernate.orm.core                   : HHH000489: No JTA platform available (set 'hibernate.transaction.jta.platform' to enable JTA platform integration)
app-1  | 2026-07-08T18:19:12.804Z  INFO 1 --- [yetithehimalayankitchenbaner] [           main] j.LocalContainerEntityManagerFactoryBean : Initialized JPA EntityManagerFactory for persistence unit 'default'
app-1  | 2026-07-08T18:19:12.835Z  INFO 1 --- [yetithehimalayankitchenbaner] [           main] o.s.d.j.r.query.QueryEnhancerFactories   : Hibernate is in classpath; If applicable, HQL parser will be used.
app-1  | 2026-07-08T18:19:12.900Z  WARN 1 --- [yetithehimalayankitchenbaner] [           main] ConfigServletWebServerApplicationContext : Exception encountered during context initialization - cancelling refresh attempt: org.springframework.beans.factory.UnsatisfiedDependencyException: Error creating bean with name 'adminInitializer' defined in URL [jar:nested:/app/app.jar/!BOOT-INF/classes/!/com/yetithehimalayankitchenbaner/config/AdminInitializer.class]: Unsatisfied dependency expressed through constructor parameter 0: Error creating bean with name 'userService' defined in URL [jar:nested:/app/app.jar/!BOOT-INF/classes/!/com/yetithehimalayankitchenbaner/service/UserService.class]: Unsatisfied dependency expressed through constructor parameter 1: Error creating bean with name 'securityConfig' defined in URL [jar:nested:/app/app.jar/!BOOT-INF/classes/!/com/yetithehimalayankitchenbaner/config/SecurityConfig.class]: Unsatisfied dependency expressed through constructor parameter 1: Error creating bean with name 'userService': Requested bean is currently in creation: Is there an unresolvable circular reference or an asynchronous initialization dependency?
app-1  | 2026-07-08T18:19:12.900Z  INFO 1 --- [yetithehimalayankitchenbaner] [           main] j.LocalContainerEntityManagerFactoryBean : Closing JPA EntityManagerFactory for persistence unit 'default'
app-1  | 2026-07-08T18:19:12.902Z  INFO 1 --- [yetithehimalayankitchenbaner] [           main] com.zaxxer.hikari.HikariDataSource       : HikariPool-1 - Shutdown initiated...
app-1  | 2026-07-08T18:19:12.905Z  INFO 1 --- [yetithehimalayankitchenbaner] [           main] com.zaxxer.hikari.HikariDataSource       : HikariPool-1 - Shutdown completed.
app-1  | 2026-07-08T18:19:12.906Z  INFO 1 --- [yetithehimalayankitchenbaner] [           main] o.apache.catalina.core.StandardService   : Stopping service [Tomcat]
app-1  | 2026-07-08T18:19:12.912Z  INFO 1 --- [yetithehimalayankitchenbaner] [           main] .s.b.a.l.ConditionEvaluationReportLogger : 
app-1  | 
app-1  | Error starting ApplicationContext. To display the condition evaluation report re-run your application with 'debug' enabled.
app-1  | 2026-07-08T18:19:12.918Z ERROR 1 --- [yetithehimalayankitchenbaner] [           main] o.s.b.d.LoggingFailureAnalysisReporter   : 
app-1  | 
app-1  | ***************************
app-1  | APPLICATION FAILED TO START
app-1  | ***************************
app-1  | 
app-1  | Description:
app-1  | 
app-1  | The dependencies of some of the beans in the application context form a cycle:
app-1  | 
app-1  |    adminInitializer defined in URL [jar:nested:/app/app.jar/!BOOT-INF/classes/!/com/yetithehimalayankitchenbaner/config/AdminInitializer.class]
app-1  | ┌─────┐
app-1  | |  userService defined in URL [jar:nested:/app/app.jar/!BOOT-INF/classes/!/com/yetithehimalayankitchenbaner/service/UserService.class]
app-1  | ↑     ↓
app-1  | |  securityConfig defined in URL [jar:nested:/app/app.jar/!BOOT-INF/classes/!/com/yetithehimalayankitchenbaner/config/SecurityConfig.class]
app-1  | └─────┘
app-1  | 
app-1  | 
app-1  | Action:
app-1  | 
app-1  | Relying upon circular references is discouraged and they are prohibited by default. Update your application to remove the dependency cycle between beans. As a last resort, it may be possible to break the cycle automatically by setting spring.main.allow-circular-references to true.
app-1  | 
app-1  | 
app-1  |   .   ____          _            __ _ _
app-1  |  /\\ / ___'_ __ _ _(_)_ __  __ _ \ \ \ \
app-1  | ( ( )\___ | '_ | '_| | '_ \/ _` | \ \ \ \
app-1  |  \\/  ___)| |_)| | | | | || (_| |  ) ) ) )
app-1  |   '  |____| .__|_| |_|_| |_\__, | / / / /
app-1  |  =========|_|==============|___/=/_/_/_/
app-1  | 
app-1  |  :: Spring Boot ::                (v4.1.0)
app-1  | 
app-1  | 2026-07-08T18:19:16.667Z  INFO 1 --- [yetithehimalayankitchenbaner] [           main] ehimalayankitchenbanerbackendApplication : Starting YetithehimalayankitchenbanerbackendApplication v0.0.1-SNAPSHOT using Java 17.0.19 with PID 1 (/app/app.jar started by app in /app)
app-1  | 2026-07-08T18:19:16.668Z  INFO 1 --- [yetithehimalayankitchenbaner] [           main] ehimalayankitchenbanerbackendApplication : No active profile set, falling back to 1 default profile: "default"
app-1  | 2026-07-08T18:19:17.062Z  INFO 1 --- [yetithehimalayankitchenbaner] [           main] .s.d.r.c.RepositoryConfigurationDelegate : Bootstrapping Spring Data JPA repositories in DEFAULT mode.
app-1  | 2026-07-08T18:19:17.088Z  INFO 1 --- [yetithehimalayankitchenbaner] [           main] .s.d.r.c.RepositoryConfigurationDelegate : Finished Spring Data repository scanning in 22 ms. Found 8 JPA repository interfaces.
app-1  | 2026-07-08T18:19:17.365Z  INFO 1 --- [yetithehimalayankitchenbaner] [           main] o.s.boot.tomcat.TomcatWebServer          : Tomcat initialized with port 8080 (http)
app-1  | 2026-07-08T18:19:17.371Z  INFO 1 --- [yetithehimalayankitchenbaner] [           main] o.apache.catalina.core.StandardService   : Starting service [Tomcat]
app-1  | 2026-07-08T18:19:17.371Z  INFO 1 --- [yetithehimalayankitchenbaner] [           main] o.apache.catalina.core.StandardEngine    : Starting Servlet engine: [Apache Tomcat/11.0.22]
app-1  | 2026-07-08T18:19:17.382Z  INFO 1 --- [yetithehimalayankitchenbaner] [           main] b.w.c.s.WebApplicationContextInitializer : Root WebApplicationContext: initialization completed in 693 ms
app-1  | 2026-07-08T18:19:17.509Z  INFO 1 --- [yetithehimalayankitchenbaner] [           main] org.hibernate.orm.jpa                    : HHH008540: Processing PersistenceUnitInfo [name: default]
app-1  | 2026-07-08T18:19:17.530Z  INFO 1 --- [yetithehimalayankitchenbaner] [           main] org.hibernate.orm.core                   : HHH000001: Hibernate ORM core version 7.4.1.Final
app-1  | 2026-07-08T18:19:17.701Z  INFO 1 --- [yetithehimalayankitchenbaner] [           main] o.s.o.j.p.SpringPersistenceUnitInfo      : No LoadTimeWeaver setup: ignoring JPA class transformer
app-1  | 2026-07-08T18:19:17.714Z  INFO 1 --- [yetithehimalayankitchenbaner] [           main] com.zaxxer.hikari.HikariDataSource       : HikariPool-1 - Starting...
app-1  | 2026-07-08T18:19:17.799Z  INFO 1 --- [yetithehimalayankitchenbaner] [           main] com.zaxxer.hikari.pool.HikariPool        : HikariPool-1 - Added connection org.postgresql.jdbc.PgConnection@3bb4c2b2
app-1  | 2026-07-08T18:19:17.800Z  INFO 1 --- [yetithehimalayankitchenbaner] [           main] com.zaxxer.hikari.HikariDataSource       : HikariPool-1 - Start completed.
app-1  | 2026-07-08T18:19:17.815Z  WARN 1 --- [yetithehimalayankitchenbaner] [           main] org.hibernate.orm.deprecation            : HHH90000025: PostgreSQLDialect does not need to be specified explicitly using 'hibernate.dialect' (remove the property setting and it will be selected by default)
app-1  | 2026-07-08T18:19:17.824Z  INFO 1 --- [yetithehimalayankitchenbaner] [           main] org.hibernate.orm.connections.pooling    : HHH10001005: Database info:
app-1  | 	Database JDBC URL [jdbc:postgresql://db:5432/yetithehimalayankitchenbaner]
app-1  | 	Database driver: PostgreSQL JDBC Driver
app-1  | 	Database dialect: PostgreSQLDialect
app-1  | 	Database version: 16.14
app-1  | 	Default catalog/schema: yetithehimalayankitchenbaner/public
app-1  | 	Autocommit mode: undefined/unknown
app-1  | 	Isolation level: READ_COMMITTED [default READ_COMMITTED]
app-1  | 	JDBC fetch size: none
app-1  | 	Pool: DataSourceConnectionProvider
app-1  | 	Minimum pool size: undefined/unknown
app-1  | 	Maximum pool size: undefined/unknown
app-1  | 2026-07-08T18:19:18.302Z  INFO 1 --- [yetithehimalayankitchenbaner] [           main] org.hibernate.orm.core                   : HHH000489: No JTA platform available (set 'hibernate.transaction.jta.platform' to enable JTA platform integration)
app-1  | 2026-07-08T18:19:18.333Z  INFO 1 --- [yetithehimalayankitchenbaner] [           main] j.LocalContainerEntityManagerFactoryBean : Initialized JPA EntityManagerFactory for persistence unit 'default'
app-1  | 2026-07-08T18:19:18.363Z  INFO 1 --- [yetithehimalayankitchenbaner] [           main] o.s.d.j.r.query.QueryEnhancerFactories   : Hibernate is in classpath; If applicable, HQL parser will be used.
app-1  | 2026-07-08T18:19:18.426Z  WARN 1 --- [yetithehimalayankitchenbaner] [           main] ConfigServletWebServerApplicationContext : Exception encountered during context initialization - cancelling refresh attempt: org.springframework.beans.factory.UnsatisfiedDependencyException: Error creating bean with name 'adminInitializer' defined in URL [jar:nested:/app/app.jar/!BOOT-INF/classes/!/com/yetithehimalayankitchenbaner/config/AdminInitializer.class]: Unsatisfied dependency expressed through constructor parameter 0: Error creating bean with name 'userService' defined in URL [jar:nested:/app/app.jar/!BOOT-INF/classes/!/com/yetithehimalayankitchenbaner/service/UserService.class]: Unsatisfied dependency expressed through constructor parameter 1: Error creating bean with name 'securityConfig' defined in URL [jar:nested:/app/app.jar/!BOOT-INF/classes/!/com/yetithehimalayankitchenbaner/config/SecurityConfig.class]: Unsatisfied dependency expressed through constructor parameter 1: Error creating bean with name 'userService': Requested bean is currently in creation: Is there an unresolvable circular reference or an asynchronous initialization dependency?
app-1  | 2026-07-08T18:19:18.426Z  INFO 1 --- [yetithehimalayankitchenbaner] [           main] j.LocalContainerEntityManagerFactoryBean : Closing JPA EntityManagerFactory for persistence unit 'default'
app-1  | 2026-07-08T18:19:18.427Z  INFO 1 --- [yetithehimalayankitchenbaner] [           main] com.zaxxer.hikari.HikariDataSource       : HikariPool-1 - Shutdown initiated...
app-1  | 2026-07-08T18:19:18.429Z  INFO 1 --- [yetithehimalayankitchenbaner] [           main] com.zaxxer.hikari.HikariDataSource       : HikariPool-1 - Shutdown completed.
app-1  | 2026-07-08T18:19:18.431Z  INFO 1 --- [yetithehimalayankitchenbaner] [           main] o.apache.catalina.core.StandardService   : Stopping service [Tomcat]
app-1  | 2026-07-08T18:19:18.437Z  INFO 1 --- [yetithehimalayankitchenbaner] [           main] .s.b.a.l.ConditionEvaluationReportLogger : 
app-1  | 
app-1  | Error starting ApplicationContext. To display the condition evaluation report re-run your application with 'debug' enabled.
app-1  | 2026-07-08T18:19:18.443Z ERROR 1 --- [yetithehimalayankitchenbaner] [           main] o.s.b.d.LoggingFailureAnalysisReporter   : 
app-1  | 
app-1  | ***************************
app-1  | APPLICATION FAILED TO START
app-1  | ***************************
app-1  | 
app-1  | Description:
app-1  | 
app-1  | The dependencies of some of the beans in the application context form a cycle:
app-1  | 
app-1  |    adminInitializer defined in URL [jar:nested:/app/app.jar/!BOOT-INF/classes/!/com/yetithehimalayankitchenbaner/config/AdminInitializer.class]
app-1  | ┌─────┐
app-1  | |  userService defined in URL [jar:nested:/app/app.jar/!BOOT-INF/classes/!/com/yetithehimalayankitchenbaner/service/UserService.class]
app-1  | ↑     ↓
app-1  | |  securityConfig defined in URL [jar:nested:/app/app.jar/!BOOT-INF/classes/!/com/yetithehimalayankitchenbaner/config/SecurityConfig.class]
app-1  | └─────┘
app-1  | 
app-1  | 
app-1  | Action:
app-1  | 
app-1  | Relying upon circular references is discouraged and they are prohibited by default. Update your application to remove the dependency cycle between beans. As a last resort, it may be possible to break the cycle automatically by setting spring.main.allow-circular-references to true.
app-1  | 
app-1  | 
app-1  |   .   ____          _            __ _ _
app-1  |  /\\ / ___'_ __ _ _(_)_ __  __ _ \ \ \ \
app-1  | ( ( )\___ | '_ | '_| | '_ \/ _` | \ \ \ \
app-1  |  \\/  ___)| |_)| | | | | || (_| |  ) ) ) )
app-1  |   '  |____| .__|_| |_|_| |_\__, | / / / /
app-1  |  =========|_|==============|___/=/_/_/_/
app-1  | 
app-1  |  :: Spring Boot ::                (v4.1.0)
app-1  | 
app-1  | 2026-07-08T18:19:25.341Z  INFO 1 --- [yetithehimalayankitchenbaner] [           main] ehimalayankitchenbanerbackendApplication : Starting YetithehimalayankitchenbanerbackendApplication v0.0.1-SNAPSHOT using Java 17.0.19 with PID 1 (/app/app.jar started by app in /app)
app-1  | 2026-07-08T18:19:25.342Z  INFO 1 --- [yetithehimalayankitchenbaner] [           main] ehimalayankitchenbanerbackendApplication : No active profile set, falling back to 1 default profile: "default"
app-1  | 2026-07-08T18:19:25.739Z  INFO 1 --- [yetithehimalayankitchenbaner] [           main] .s.d.r.c.RepositoryConfigurationDelegate : Bootstrapping Spring Data JPA repositories in DEFAULT mode.
app-1  | 2026-07-08T18:19:25.766Z  INFO 1 --- [yetithehimalayankitchenbaner] [           main] .s.d.r.c.RepositoryConfigurationDelegate : Finished Spring Data repository scanning in 23 ms. Found 8 JPA repository interfaces.
app-1  | 2026-07-08T18:19:26.052Z  INFO 1 --- [yetithehimalayankitchenbaner] [           main] o.s.boot.tomcat.TomcatWebServer          : Tomcat initialized with port 8080 (http)
app-1  | 2026-07-08T18:19:26.059Z  INFO 1 --- [yetithehimalayankitchenbaner] [           main] o.apache.catalina.core.StandardService   : Starting service [Tomcat]
app-1  | 2026-07-08T18:19:26.059Z  INFO 1 --- [yetithehimalayankitchenbaner] [           main] o.apache.catalina.core.StandardEngine    : Starting Servlet engine: [Apache Tomcat/11.0.22]
app-1  | 2026-07-08T18:19:26.077Z  INFO 1 --- [yetithehimalayankitchenbaner] [           main] b.w.c.s.WebApplicationContextInitializer : Root WebApplicationContext: initialization completed in 713 ms
app-1  | 2026-07-08T18:19:26.229Z  INFO 1 --- [yetithehimalayankitchenbaner] [           main] org.hibernate.orm.jpa                    : HHH008540: Processing PersistenceUnitInfo [name: default]
app-1  | 2026-07-08T18:19:26.250Z  INFO 1 --- [yetithehimalayankitchenbaner] [           main] org.hibernate.orm.core                   : HHH000001: Hibernate ORM core version 7.4.1.Final
app-1  | 2026-07-08T18:19:26.434Z  INFO 1 --- [yetithehimalayankitchenbaner] [           main] o.s.o.j.p.SpringPersistenceUnitInfo      : No LoadTimeWeaver setup: ignoring JPA class transformer
app-1  | 2026-07-08T18:19:26.446Z  INFO 1 --- [yetithehimalayankitchenbaner] [           main] com.zaxxer.hikari.HikariDataSource       : HikariPool-1 - Starting...
app-1  | 2026-07-08T18:19:26.533Z  INFO 1 --- [yetithehimalayankitchenbaner] [           main] com.zaxxer.hikari.pool.HikariPool        : HikariPool-1 - Added connection org.postgresql.jdbc.PgConnection@85c3522
app-1  | 2026-07-08T18:19:26.533Z  INFO 1 --- [yetithehimalayankitchenbaner] [           main] com.zaxxer.hikari.HikariDataSource       : HikariPool-1 - Start completed.
app-1  | 2026-07-08T18:19:26.547Z  WARN 1 --- [yetithehimalayankitchenbaner] [           main] org.hibernate.orm.deprecation            : HHH90000025: PostgreSQLDialect does not need to be specified explicitly using 'hibernate.dialect' (remove the property setting and it will be selected by default)
app-1  | 2026-07-08T18:19:26.556Z  INFO 1 --- [yetithehimalayankitchenbaner] [           main] org.hibernate.orm.connections.pooling    : HHH10001005: Database info:
app-1  | 	Database JDBC URL [jdbc:postgresql://db:5432/yetithehimalayankitchenbaner]
app-1  | 	Database driver: PostgreSQL JDBC Driver
app-1  | 	Database dialect: PostgreSQLDialect
app-1  | 	Database version: 16.14
app-1  | 	Default catalog/schema: yetithehimalayankitchenbaner/public
app-1  | 	Autocommit mode: undefined/unknown
app-1  | 	Isolation level: READ_COMMITTED [default READ_COMMITTED]
app-1  | 	JDBC fetch size: none
app-1  | 	Pool: DataSourceConnectionProvider
app-1  | 	Minimum pool size: undefined/unknown
app-1  | 	Maximum pool size: undefined/unknown
app-1  | 2026-07-08T18:19:27.052Z  INFO 1 --- [yetithehimalayankitchenbaner] [           main] org.hibernate.orm.core                   : HHH000489: No JTA platform available (set 'hibernate.transaction.jta.platform' to enable JTA platform integration)
app-1  | 2026-07-08T18:19:27.083Z  INFO 1 --- [yetithehimalayankitchenbaner] [           main] j.LocalContainerEntityManagerFactoryBean : Initialized JPA EntityManagerFactory for persistence unit 'default'
app-1  | 2026-07-08T18:19:27.113Z  INFO 1 --- [yetithehimalayankitchenbaner] [           main] o.s.d.j.r.query.QueryEnhancerFactories   : Hibernate is in classpath; If applicable, HQL parser will be used.
app-1  | 2026-07-08T18:19:27.184Z  WARN 1 --- [yetithehimalayankitchenbaner] [           main] ConfigServletWebServerApplicationContext : Exception encountered during context initialization - cancelling refresh attempt: org.springframework.beans.factory.UnsatisfiedDependencyException: Error creating bean with name 'adminInitializer' defined in URL [jar:nested:/app/app.jar/!BOOT-INF/classes/!/com/yetithehimalayankitchenbaner/config/AdminInitializer.class]: Unsatisfied dependency expressed through constructor parameter 0: Error creating bean with name 'userService' defined in URL [jar:nested:/app/app.jar/!BOOT-INF/classes/!/com/yetithehimalayankitchenbaner/service/UserService.class]: Unsatisfied dependency expressed through constructor parameter 1: Error creating bean with name 'securityConfig' defined in URL [jar:nested:/app/app.jar/!BOOT-INF/classes/!/com/yetithehimalayankitchenbaner/config/SecurityConfig.class]: Unsatisfied dependency expressed through constructor parameter 1: Error creating bean with name 'userService': Requested bean is currently in creation: Is there an unresolvable circular reference or an asynchronous initialization dependency?
app-1  | 2026-07-08T18:19:27.184Z  INFO 1 --- [yetithehimalayankitchenbaner] [           main] j.LocalContainerEntityManagerFactoryBean : Closing JPA EntityManagerFactory for persistence unit 'default'
app-1  | 2026-07-08T18:19:27.186Z  INFO 1 --- [yetithehimalayankitchenbaner] [           main] com.zaxxer.hikari.HikariDataSource       : HikariPool-1 - Shutdown initiated...
app-1  | 2026-07-08T18:19:27.187Z  INFO 1 --- [yetithehimalayankitchenbaner] [           main] com.zaxxer.hikari.HikariDataSource       : HikariPool-1 - Shutdown completed.
app-1  | 2026-07-08T18:19:27.188Z  INFO 1 --- [yetithehimalayankitchenbaner] [           main] o.apache.catalina.core.StandardService   : Stopping service [Tomcat]
app-1  | 2026-07-08T18:19:27.195Z  INFO 1 --- [yetithehimalayankitchenbaner] [           main] .s.b.a.l.ConditionEvaluationReportLogger : 
app-1  | 
app-1  | Error starting ApplicationContext. To display the condition evaluation report re-run your application with 'debug' enabled.
app-1  | 2026-07-08T18:19:27.201Z ERROR 1 --- [yetithehimalayankitchenbaner] [           main] o.s.b.d.LoggingFailureAnalysisReporter   : 
app-1  | 
app-1  | ***************************
app-1  | APPLICATION FAILED TO START
app-1  | ***************************
app-1  | 
app-1  | Description:
app-1  | 
app-1  | The dependencies of some of the beans in the application context form a cycle:
app-1  | 
app-1  |    adminInitializer defined in URL [jar:nested:/app/app.jar/!BOOT-INF/classes/!/com/yetithehimalayankitchenbaner/config/AdminInitializer.class]
app-1  | ┌─────┐
app-1  | |  userService defined in URL [jar:nested:/app/app.jar/!BOOT-INF/classes/!/com/yetithehimalayankitchenbaner/service/UserService.class]
app-1  | ↑     ↓
app-1  | |  securityConfig defined in URL [jar:nested:/app/app.jar/!BOOT-INF/classes/!/com/yetithehimalayankitchenbaner/config/SecurityConfig.class]
app-1  | └─────┘
app-1  | 
app-1  | 
app-1  | Action:
app-1  | 
app-1  | Relying upon circular references is discouraged and they are prohibited by default. Update your application to remove the dependency cycle between beans. As a last resort, it may be possible to break the cycle automatically by setting spring.main.allow-circular-references to true.
app-1  | 
app-1  | 
app-1  |   .   ____          _            __ _ _
app-1  |  /\\ / ___'_ __ _ _(_)_ __  __ _ \ \ \ \
app-1  | ( ( )\___ | '_ | '_| | '_ \/ _` | \ \ \ \
app-1  |  \\/  ___)| |_)| | | | | || (_| |  ) ) ) )
app-1  |   '  |____| .__|_| |_|_| |_\__, | / / / /
app-1  |  =========|_|==============|___/=/_/_/_/
app-1  | 
app-1  |  :: Spring Boot ::                (v4.1.0)
app-1  | 
app-1  | 2026-07-08T18:19:40.509Z  INFO 1 --- [yetithehimalayankitchenbaner] [           main] ehimalayankitchenbanerbackendApplication : Starting YetithehimalayankitchenbanerbackendApplication v0.0.1-SNAPSHOT using Java 17.0.19 with PID 1 (/app/app.jar started by app in /app)
app-1  | 2026-07-08T18:19:40.511Z  INFO 1 --- [yetithehimalayankitchenbaner] [           main] ehimalayankitchenbanerbackendApplication : No active profile set, falling back to 1 default profile: "default"
app-1  | 2026-07-08T18:19:40.906Z  INFO 1 --- [yetithehimalayankitchenbaner] [           main] .s.d.r.c.RepositoryConfigurationDelegate : Bootstrapping Spring Data JPA repositories in DEFAULT mode.
app-1  | 2026-07-08T18:19:40.931Z  INFO 1 --- [yetithehimalayankitchenbaner] [           main] .s.d.r.c.RepositoryConfigurationDelegate : Finished Spring Data repository scanning in 21 ms. Found 8 JPA repository interfaces.
app-1  | 2026-07-08T18:19:41.206Z  INFO 1 --- [yetithehimalayankitchenbaner] [           main] o.s.boot.tomcat.TomcatWebServer          : Tomcat initialized with port 8080 (http)
app-1  | 2026-07-08T18:19:41.212Z  INFO 1 --- [yetithehimalayankitchenbaner] [           main] o.apache.catalina.core.StandardService   : Starting service [Tomcat]
app-1  | 2026-07-08T18:19:41.213Z  INFO 1 --- [yetithehimalayankitchenbaner] [           main] o.apache.catalina.core.StandardEngine    : Starting Servlet engine: [Apache Tomcat/11.0.22]
app-1  | 2026-07-08T18:19:41.224Z  INFO 1 --- [yetithehimalayankitchenbaner] [           main] b.w.c.s.WebApplicationContextInitializer : Root WebApplicationContext: initialization completed in 695 ms
app-1  | 2026-07-08T18:19:41.354Z  INFO 1 --- [yetithehimalayankitchenbaner] [           main] org.hibernate.orm.jpa                    : HHH008540: Processing PersistenceUnitInfo [name: default]
app-1  | 2026-07-08T18:19:41.374Z  INFO 1 --- [yetithehimalayankitchenbaner] [           main] org.hibernate.orm.core                   : HHH000001: Hibernate ORM core version 7.4.1.Final
app-1  | 2026-07-08T18:19:41.533Z  INFO 1 --- [yetithehimalayankitchenbaner] [           main] o.s.o.j.p.SpringPersistenceUnitInfo      : No LoadTimeWeaver setup: ignoring JPA class transformer
app-1  | 2026-07-08T18:19:41.545Z  INFO 1 --- [yetithehimalayankitchenbaner] [           main] com.zaxxer.hikari.HikariDataSource       : HikariPool-1 - Starting...
app-1  | 2026-07-08T18:19:41.632Z  INFO 1 --- [yetithehimalayankitchenbaner] [           main] com.zaxxer.hikari.pool.HikariPool        : HikariPool-1 - Added connection org.postgresql.jdbc.PgConnection@6fd97fd1
app-1  | 2026-07-08T18:19:41.633Z  INFO 1 --- [yetithehimalayankitchenbaner] [           main] com.zaxxer.hikari.HikariDataSource       : HikariPool-1 - Start completed.
app-1  | 2026-07-08T18:19:41.648Z  WARN 1 --- [yetithehimalayankitchenbaner] [           main] org.hibernate.orm.deprecation            : HHH90000025: PostgreSQLDialect does not need to be specified explicitly using 'hibernate.dialect' (remove the property setting and it will be selected by default)
app-1  | 2026-07-08T18:19:41.657Z  INFO 1 --- [yetithehimalayankitchenbaner] [           main] org.hibernate.orm.connections.pooling    : HHH10001005: Database info:
app-1  | 	Database JDBC URL [jdbc:postgresql://db:5432/yetithehimalayankitchenbaner]
app-1  | 	Database driver: PostgreSQL JDBC Driver
app-1  | 	Database dialect: PostgreSQLDialect
app-1  | 	Database version: 16.14
app-1  | 	Default catalog/schema: yetithehimalayankitchenbaner/public
app-1  | 	Autocommit mode: undefined/unknown
app-1  | 	Isolation level: READ_COMMITTED [default READ_COMMITTED]
app-1  | 	JDBC fetch size: none
app-1  | 	Pool: DataSourceConnectionProvider
app-1  | 	Minimum pool size: undefined/unknown
app-1  | 	Maximum pool size: undefined/unknown
app-1  | 2026-07-08T18:19:42.151Z  INFO 1 --- [yetithehimalayankitchenbaner] [           main] org.hibernate.orm.core                   : HHH000489: No JTA platform available (set 'hibernate.transaction.jta.platform' to enable JTA platform integration)
app-1  | 2026-07-08T18:19:42.181Z  INFO 1 --- [yetithehimalayankitchenbaner] [           main] j.LocalContainerEntityManagerFactoryBean : Initialized JPA EntityManagerFactory for persistence unit 'default'
app-1  | 2026-07-08T18:19:42.213Z  INFO 1 --- [yetithehimalayankitchenbaner] [           main] o.s.d.j.r.query.QueryEnhancerFactories   : Hibernate is in classpath; If applicable, HQL parser will be used.
app-1  | 2026-07-08T18:19:42.275Z  WARN 1 --- [yetithehimalayankitchenbaner] [           main] ConfigServletWebServerApplicationContext : Exception encountered during context initialization - cancelling refresh attempt: org.springframework.beans.factory.UnsatisfiedDependencyException: Error creating bean with name 'adminInitializer' defined in URL [jar:nested:/app/app.jar/!BOOT-INF/classes/!/com/yetithehimalayankitchenbaner/config/AdminInitializer.class]: Unsatisfied dependency expressed through constructor parameter 0: Error creating bean with name 'userService' defined in URL [jar:nested:/app/app.jar/!BOOT-INF/classes/!/com/yetithehimalayankitchenbaner/service/UserService.class]: Unsatisfied dependency expressed through constructor parameter 1: Error creating bean with name 'securityConfig' defined in URL [jar:nested:/app/app.jar/!BOOT-INF/classes/!/com/yetithehimalayankitchenbaner/config/SecurityConfig.class]: Unsatisfied dependency expressed through constructor parameter 1: Error creating bean with name 'userService': Requested bean is currently in creation: Is there an unresolvable circular reference or an asynchronous initialization dependency?
app-1  | 2026-07-08T18:19:42.276Z  INFO 1 --- [yetithehimalayankitchenbaner] [           main] j.LocalContainerEntityManagerFactoryBean : Closing JPA EntityManagerFactory for persistence unit 'default'
app-1  | 2026-07-08T18:19:42.277Z  INFO 1 --- [yetithehimalayankitchenbaner] [           main] com.zaxxer.hikari.HikariDataSource       : HikariPool-1 - Shutdown initiated...
app-1  | 2026-07-08T18:19:42.278Z  INFO 1 --- [yetithehimalayankitchenbaner] [           main] com.zaxxer.hikari.HikariDataSource       : HikariPool-1 - Shutdown completed.
app-1  | 2026-07-08T18:19:42.281Z  INFO 1 --- [yetithehimalayankitchenbaner] [           main] o.apache.catalina.core.StandardService   : Stopping service [Tomcat]
app-1  | 2026-07-08T18:19:42.286Z  INFO 1 --- [yetithehimalayankitchenbaner] [           main] .s.b.a.l.ConditionEvaluationReportLogger : 
app-1  | 
app-1  | Error starting ApplicationContext. To display the condition evaluation report re-run your application with 'debug' enabled.
app-1  | 2026-07-08T18:19:42.293Z ERROR 1 --- [yetithehimalayankitchenbaner] [           main] o.s.b.d.LoggingFailureAnalysisReporter   : 
app-1  | 
app-1  | ***************************
app-1  | APPLICATION FAILED TO START
app-1  | ***************************
app-1  | 
app-1  | Description:
app-1  | 
app-1  | The dependencies of some of the beans in the application context form a cycle:
app-1  | 
app-1  |    adminInitializer defined in URL [jar:nested:/app/app.jar/!BOOT-INF/classes/!/com/yetithehimalayankitchenbaner/config/AdminInitializer.class]
app-1  | ┌─────┐
app-1  | |  userService defined in URL [jar:nested:/app/app.jar/!BOOT-INF/classes/!/com/yetithehimalayankitchenbaner/service/UserService.class]
app-1  | ↑     ↓
app-1  | |  securityConfig defined in URL [jar:nested:/app/app.jar/!BOOT-INF/classes/!/com/yetithehimalayankitchenbaner/config/SecurityConfig.class]
app-1  | └─────┘
app-1  | 
app-1  | 
app-1  | Action:
app-1  | 
app-1  | Relying upon circular references is discouraged and they are prohibited by default. Update your application to remove the dependency cycle between beans. As a last resort, it may be possible to break the cycle automatically by setting spring.main.allow-circular-references to true.
app-1  | 
app-1  | 
app-1  |   .   ____          _            __ _ _
app-1  |  /\\ / ___'_ __ _ _(_)_ __  __ _ \ \ \ \
app-1  | ( ( )\___ | '_ | '_| | '_ \/ _` | \ \ \ \
app-1  |  \\/  ___)| |_)| | | | | || (_| |  ) ) ) )
app-1  |   '  |____| .__|_| |_|_| |_\__, | / / / /
app-1  |  =========|_|==============|___/=/_/_/_/
app-1  | 
app-1  |  :: Spring Boot ::                (v4.1.0)
app-1  | 
app-1  | 2026-07-08T18:20:08.421Z  INFO 1 --- [yetithehimalayankitchenbaner] [           main] ehimalayankitchenbanerbackendApplication : Starting YetithehimalayankitchenbanerbackendApplication v0.0.1-SNAPSHOT using Java 17.0.19 with PID 1 (/app/app.jar started by app in /app)
app-1  | 2026-07-08T18:20:08.422Z  INFO 1 --- [yetithehimalayankitchenbaner] [           main] ehimalayankitchenbanerbackendApplication : No active profile set, falling back to 1 default profile: "default"
app-1  | 2026-07-08T18:20:08.831Z  INFO 1 --- [yetithehimalayankitchenbaner] [           main] .s.d.r.c.RepositoryConfigurationDelegate : Bootstrapping Spring Data JPA repositories in DEFAULT mode.
app-1  | 2026-07-08T18:20:08.855Z  INFO 1 --- [yetithehimalayankitchenbaner] [           main] .s.d.r.c.RepositoryConfigurationDelegate : Finished Spring Data repository scanning in 20 ms. Found 8 JPA repository interfaces.
app-1  | 2026-07-08T18:20:09.141Z  INFO 1 --- [yetithehimalayankitchenbaner] [           main] o.s.boot.tomcat.TomcatWebServer          : Tomcat initialized with port 8080 (http)
app-1  | 2026-07-08T18:20:09.146Z  INFO 1 --- [yetithehimalayankitchenbaner] [           main] o.apache.catalina.core.StandardService   : Starting service [Tomcat]
app-1  | 2026-07-08T18:20:09.147Z  INFO 1 --- [yetithehimalayankitchenbaner] [           main] o.apache.catalina.core.StandardEngine    : Starting Servlet engine: [Apache Tomcat/11.0.22]
app-1  | 2026-07-08T18:20:09.158Z  INFO 1 --- [yetithehimalayankitchenbaner] [           main] b.w.c.s.WebApplicationContextInitializer : Root WebApplicationContext: initialization completed in 715 ms
app-1  | 2026-07-08T18:20:09.284Z  INFO 1 --- [yetithehimalayankitchenbaner] [           main] org.hibernate.orm.jpa                    : HHH008540: Processing PersistenceUnitInfo [name: default]
app-1  | 2026-07-08T18:20:09.305Z  INFO 1 --- [yetithehimalayankitchenbaner] [           main] org.hibernate.orm.core                   : HHH000001: Hibernate ORM core version 7.4.1.Final
app-1  | 2026-07-08T18:20:09.490Z  INFO 1 --- [yetithehimalayankitchenbaner] [           main] o.s.o.j.p.SpringPersistenceUnitInfo      : No LoadTimeWeaver setup: ignoring JPA class transformer
app-1  | 2026-07-08T18:20:09.502Z  INFO 1 --- [yetithehimalayankitchenbaner] [           main] com.zaxxer.hikari.HikariDataSource       : HikariPool-1 - Starting...
app-1  | 2026-07-08T18:20:09.584Z  INFO 1 --- [yetithehimalayankitchenbaner] [           main] com.zaxxer.hikari.pool.HikariPool        : HikariPool-1 - Added connection org.postgresql.jdbc.PgConnection@85c3522
app-1  | 2026-07-08T18:20:09.585Z  INFO 1 --- [yetithehimalayankitchenbaner] [           main] com.zaxxer.hikari.HikariDataSource       : HikariPool-1 - Start completed.
app-1  | 2026-07-08T18:20:09.599Z  WARN 1 --- [yetithehimalayankitchenbaner] [           main] org.hibernate.orm.deprecation            : HHH90000025: PostgreSQLDialect does not need to be specified explicitly using 'hibernate.dialect' (remove the property setting and it will be selected by default)
app-1  | 2026-07-08T18:20:09.608Z  INFO 1 --- [yetithehimalayankitchenbaner] [           main] org.hibernate.orm.connections.pooling    : HHH10001005: Database info:
app-1  | 	Database JDBC URL [jdbc:postgresql://db:5432/yetithehimalayankitchenbaner]
app-1  | 	Database driver: PostgreSQL JDBC Driver
app-1  | 	Database dialect: PostgreSQLDialect
app-1  | 	Database version: 16.14
app-1  | 	Default catalog/schema: yetithehimalayankitchenbaner/public
app-1  | 	Autocommit mode: undefined/unknown
app-1  | 	Isolation level: READ_COMMITTED [default READ_COMMITTED]
app-1  | 	JDBC fetch size: none
app-1  | 	Pool: DataSourceConnectionProvider
app-1  | 	Minimum pool size: undefined/unknown
app-1  | 	Maximum pool size: undefined/unknown
app-1  | 2026-07-08T18:20:10.144Z  INFO 1 --- [yetithehimalayankitchenbaner] [           main] org.hibernate.orm.core                   : HHH000489: No JTA platform available (set 'hibernate.transaction.jta.platform' to enable JTA platform integration)
app-1  | 2026-07-08T18:20:10.176Z  INFO 1 --- [yetithehimalayankitchenbaner] [           main] j.LocalContainerEntityManagerFactoryBean : Initialized JPA EntityManagerFactory for persistence unit 'default'
app-1  | 2026-07-08T18:20:10.210Z  INFO 1 --- [yetithehimalayankitchenbaner] [           main] o.s.d.j.r.query.QueryEnhancerFactories   : Hibernate is in classpath; If applicable, HQL parser will be used.
app-1  | 2026-07-08T18:20:10.280Z  WARN 1 --- [yetithehimalayankitchenbaner] [           main] ConfigServletWebServerApplicationContext : Exception encountered during context initialization - cancelling refresh attempt: org.springframework.beans.factory.UnsatisfiedDependencyException: Error creating bean with name 'adminInitializer' defined in URL [jar:nested:/app/app.jar/!BOOT-INF/classes/!/com/yetithehimalayankitchenbaner/config/AdminInitializer.class]: Unsatisfied dependency expressed through constructor parameter 0: Error creating bean with name 'userService' defined in URL [jar:nested:/app/app.jar/!BOOT-INF/classes/!/com/yetithehimalayankitchenbaner/service/UserService.class]: Unsatisfied dependency expressed through constructor parameter 1: Error creating bean with name 'securityConfig' defined in URL [jar:nested:/app/app.jar/!BOOT-INF/classes/!/com/yetithehimalayankitchenbaner/config/SecurityConfig.class]: Unsatisfied dependency expressed through constructor parameter 1: Error creating bean with name 'userService': Requested bean is currently in creation: Is there an unresolvable circular reference or an asynchronous initialization dependency?
app-1  | 2026-07-08T18:20:10.280Z  INFO 1 --- [yetithehimalayankitchenbaner] [           main] j.LocalContainerEntityManagerFactoryBean : Closing JPA EntityManagerFactory for persistence unit 'default'
app-1  | 2026-07-08T18:20:10.282Z  INFO 1 --- [yetithehimalayankitchenbaner] [           main] com.zaxxer.hikari.HikariDataSource       : HikariPool-1 - Shutdown initiated...
app-1  | 2026-07-08T18:20:10.285Z  INFO 1 --- [yetithehimalayankitchenbaner] [           main] com.zaxxer.hikari.HikariDataSource       : HikariPool-1 - Shutdown completed.
app-1  | 2026-07-08T18:20:10.287Z  INFO 1 --- [yetithehimalayankitchenbaner] [           main] o.apache.catalina.core.StandardService   : Stopping service [Tomcat]
app-1  | 2026-07-08T18:20:10.293Z  INFO 1 --- [yetithehimalayankitchenbaner] [           main] .s.b.a.l.ConditionEvaluationReportLogger : 
app-1  | 
app-1  | Error starting ApplicationContext. To display the condition evaluation report re-run your application with 'debug' enabled.
app-1  | 2026-07-08T18:20:10.299Z ERROR 1 --- [yetithehimalayankitchenbaner] [           main] o.s.b.d.LoggingFailureAnalysisReporter   : 
app-1  | 
app-1  | ***************************
app-1  | APPLICATION FAILED TO START
app-1  | ***************************
app-1  | 
app-1  | Description:
app-1  | 
app-1  | The dependencies of some of the beans in the application context form a cycle:
app-1  | 
app-1  |    adminInitializer defined in URL [jar:nested:/app/app.jar/!BOOT-INF/classes/!/com/yetithehimalayankitchenbaner/config/AdminInitializer.class]
app-1  | ┌─────┐
app-1  | |  userService defined in URL [jar:nested:/app/app.jar/!BOOT-INF/classes/!/com/yetithehimalayankitchenbaner/service/UserService.class]
app-1  | ↑     ↓
app-1  | |  securityConfig defined in URL [jar:nested:/app/app.jar/!BOOT-INF/classes/!/com/yetithehimalayankitchenbaner/config/SecurityConfig.class]
app-1  | └─────┘
app-1  | 
app-1  | 
app-1  | Action:
app-1  | 
app-1  | Relying upon circular references is discouraged and they are prohibited by default. Update your application to remove the dependency cycle between beans. As a last resort, it may be possible to break the cycle automatically by setting spring.main.allow-circular-references to true.
app-1  | 

